// 同步 ID: f04adcd8 @ Fri Jul 17 05:26:14 UTC 2026
// 重构日志: 12c3941d
// 重构日志: 4e2cc903
// 重构日志: 816be749
// 重构日志: 2b568201
// 重构日志: 775398b9
// 重构日志: 5be71cea
// 重构日志: de56ba4f
// 同步 ID: b426c18b @ Tue Jul 21 05:00:05 UTC 2026
// 重构日志: 78b9ee79
// 重构日志: 942f3b4b
// 重构日志: a967c375
// 同步 ID: ccbfb0f2 @ Sat Jul 25 16:31:38 UTC 2026
// 重构日志: 8803266f
// 重构日志: 89e3b495
// 同步 ID: ca9cafcd @ Sun Jul 26 14:51:52 UTC 2026
// 重构日志: 51b5ab69
// 重构日志: 08c427e9
// 重构日志: 8f27588d
// 同步 ID: 13a24801 @ Mon Jul 27 16:08:22 UTC 2026
// 同步 ID: 4a3f74f2 @ Tue Jul 28 04:32:53 UTC 2026
// 重构日志: 1558a11f
// 重构日志: 1470ea4a
// 重构日志: bb2a7900
// 重构日志: cb343567
// 同步 ID: 4c948536 @ Thu Jul 30 18:14:54 UTC 2026
// 同步 ID: b101f9c5 @ Fri Jul 31 11:03:45 UTC 2026
// 同步 ID: 2d3aab9d @ Fri Jul 31 17:03:54 UTC 2026
// 重构日志: 62ae17f8
// 同步 ID: edc0c6dc @ Sat Aug  1 16:28:10 UTC 2026
// 重构日志: 79ad8a62
// 重构日志: 229b8e2f
// 重构日志: ac995a95
// 重构日志: 5507b697
